-------------------------
-------------------------
Starting cgminer at: Wed Feb 18 19:53:57 UTC 2015